0 verbose cli /usr/local/bin/node /usr/local/lib/node_modules/npm/bin/npm-cli.js
1 info using npm@10.7.0
2 info using node@v22.1.0
3 silly config:load:file:/usr/local/lib/node_modules/npm/npmrc
4 silly config:load:file:/Users/nelsonoluwole/Documents/Frontend/.npmrc
5 silly config:load:file:/Users/nelsonoluwole/.npmrc
6 silly config:load:file:/usr/local/etc/npmrc
7 verbose title npm exec create-next-app@latest --help
8 verbose argv "exec" "--yes" "--" "create-next-app@latest" "--help"
9 verbose logfile logs-max:10 dir:/Users/nelsonoluwole/Documents/Frontend/.npm-cache/_logs/2026-07-19T15_17_23_718Z-
10 verbose logfile /Users/nelsonoluwole/Documents/Frontend/.npm-cache/_logs/2026-07-19T15_17_23_718Z-debug-0.log
11 silly logfile done cleaning log files
12 http fetch GET 200 https://registry.npmjs.org/npm 2839ms
13 http fetch GET 200 https://registry.npmjs.org/create-next-app 7771ms (cache miss)
14 silly idealTree buildDeps
15 silly fetch manifest create-next-app@16.2.10
16 http fetch GET 200 https://registry.npmjs.org/create-next-app 7680ms (cache miss)
17 silly placeDep ROOT create-next-app@16.2.10 OK for:  want: 16.2.10
18 silly reify moves {}
19 silly audit bulk request { 'create-next-app': [ '16.2.10' ] }
20 silly tarball no local data for create-next-app@https://registry.npmjs.org/create-next-app/-/create-next-app-16.2.10.tgz. Extracting by manifest.
21 http fetch GET 200 https://registry.npmjs.org/create-next-app/-/create-next-app-16.2.10.tgz 3569ms (cache miss)
22 http fetch POST 200 https://registry.npmjs.org/-/npm/v1/security/advisories/bulk 3911ms
23 silly audit report {}
24 notice
24 notice New major version of npm available! 10.7.0 -> 12.0.1
24 notice Changelog: https://github.com/npm/cli/releases/tag/v12.0.1
24 notice To update run: npm install -g npm@12.0.1
24 notice  { force: true, [Symbol(proc-log.meta)]: true }
25 verbose exit 0
26 info ok
