0 verbose cli /usr/local/bin/node /usr/local/lib/node_modules/npm/bin/npm-cli.js
1 info using npm@10.7.0
2 info using node@v22.1.0
3 silly config:load:file:/usr/local/lib/node_modules/npm/npmrc
4 silly config:load:file:/Users/nelsonoluwole/Documents/Frontend/.npmrc
5 silly config:load:file:/Users/nelsonoluwole/.npmrc
6 silly config:load:file:/usr/local/etc/npmrc
7 verbose title npm exec create-next-app@latest ./ --typescript --tailwind --eslint --app --src-dir --import-alias @/* --use-npm
8 verbose argv "exec" "--yes" "--" "create-next-app@latest" "./" "--typescript" "--tailwind" "--eslint" "--app" "--src-dir" "--import-alias" "@/*" "--use-npm"
9 verbose logfile logs-max:10 dir:/Users/nelsonoluwole/Documents/Frontend/.npm-cache/_logs/2026-07-19T15_19_57_203Z-
10 verbose logfile /Users/nelsonoluwole/Documents/Frontend/.npm-cache/_logs/2026-07-19T15_19_57_203Z-debug-0.log
11 silly logfile done cleaning log files
12 http fetch GET 200 https://registry.npmjs.org/create-next-app 881ms (cache revalidated)
13 verbose shrinkwrap failed to load node_modules/.package-lock.json out of date, updated: node_modules
14 silly idealTree buildDeps
15 silly fetch manifest create-next-app@16.2.10
16 http fetch GET 200 https://registry.npmjs.org/create-next-app 26ms (cache hit)
17 silly placeDep ROOT create-next-app@16.2.10 REPLACE for:  want: 16.2.10
18 silly reify moves {}
19 silly audit bulk request { 'create-next-app': [ '16.2.10' ] }
20 http fetch POST 200 https://registry.npmjs.org/-/npm/v1/security/advisories/bulk 320ms
21 silly audit report {}
22 verbose exit 1
23 verbose code 1
